<?xml version='1.0' encoding='UTF-8'?>
<MedicationDispense xmlns="http://hl7.org/fhir">
  <id value="urn:local:fhir:MedicationDispense:52-40863"/>
  <identifier>
    <use value="usual"/>
    <type>
      <coding>
        <system value="cmumps"/>
        <version value="0.0.1"/>
        <code value="cmumps"/>
        <display value="Prescription"/>
        <userSelected value="false"/>
      </coding>
      <text value="Prescription"/>
    </type>
    <system value="cmumps"/>
    <value value="52-40863"/>
  </identifier>
  <status value="completed"/>
  <patient>
    <reference value="Patient/2-000007"/>
    <display value="BUNNY,BUGS"/>
  </patient>
  <dispenser>
    <reference value="6-111111"/>
    <display value="DUCK,DONALD"/>
  </dispenser>
  <authorizingPrescription>
    <reference value="101-227995"/>
    <display value="941103-00522"/>
  </authorizingPrescription>
  <quantity>
    <value value="120"/>
    <unit value="unsupplied"/>
    <system value="cmumps"/>
    <code value="cmumps"/>
  </quantity>
  <daysSupply>
    <value value="120"/>
    <unit value="unsupplied"/>
    <system value="cmumps"/>
    <code value="cmumps"/>
  </daysSupply>
  <medicationCodeableConcept>
    <coding>
      <system value="cmumps"/>
      <version value="0.0.1"/>
      <code value="cmumps"/>
      <display value="PAINKILLER 400MG TAB"/>
      <userSelected value="false"/>
    </coding>
    <text value="PAINKILLER 400MG TAB"/>
  </medicationCodeableConcept>
  <whenPrepared value="1990-01-01T00:00:00Z"/>
  <whenHandedOver value="1990-01-01T00:00:00Z"/>
  <destination>
    <reference value="59_2-1"/>
    <display value="MAIN PHARMACY"/>
  </destination>
  <note value="[object Object]"/>
  <dosageInstruction>
    <text value="T1 TAB Q1D #120 RF0"/>
    <timing>
      <event value="1990-01-01T00:00:00Z"/>
      <repeat>
        <frequency value="1"/>
        <period value="1"/>
      </repeat>
      <code>
        <coding>
          <system value="cmumps"/>
          <version value="0.0.1"/>
          <code value="cmumps"/>
          <display value="T1 TAB Q1D #120 RF0"/>
          <userSelected value="false"/>
        </coding>
        <text value="T1 TAB Q1D #120 RF0"/>
      </code>
    </timing>
    <asNeededBoolean value="false"/>
  </dosageInstruction>
</MedicationDispense>



<?xml version='1.0' encoding='UTF-8'?>
<MedicationDispense xmlns="http://hl7.org/fhir">
  <id value="urn:local:fhir:MedicationDispense:52-7810413"/>
  <identifier>
    <use value="usual"/>
    <type>
      <coding>
        <system value="cmumps"/>
        <version value="0.0.1"/>
        <code value="cmumps"/>
        <display value="Prescription"/>
        <userSelected value="false"/>
      </coding>
      <text value="Prescription"/>
    </type>
    <system value="cmumps"/>
    <value value="52-7810413"/>
  </identifier>
  <status value="completed"/>
  <patient>
    <reference value="Patient/2-000007"/>
    <display value="BUNNY,BUGS"/>
  </patient>
  <dispenser>
    <reference value="6-11111"/>
    <display value="DUCK,DONALD"/>
  </dispenser>
  <authorizingPrescription>
    <reference value="101-16145150"/>
    <display value="090420-03671"/>
  </authorizingPrescription>
  <quantity>
    <value value="60"/>
    <unit value="unsupplied"/>
    <system value="cmumps"/>
    <code value="cmumps"/>
  </quantity>
  <daysSupply>
    <value value="30"/>
    <unit value="unsupplied"/>
    <system value="cmumps"/>
    <code value="cmumps"/>
  </daysSupply>
  <medicationCodeableConcept>
    <coding>
      <system value="cmumps"/>
      <version value="0.0.1"/>
      <code value="cmumps"/>
      <display value="OYS SHL CALCIUM 500MG + VIT D 200IU"/>
      <userSelected value="false"/>
    </coding>
    <text value="OYS SHL CALCIUM 500MG + VIT D 200IU"/>
  </medicationCodeableConcept>
  <whenPrepared value="1990-01-01T00:00:00"/>
  <whenHandedOver value="1990-01-01T00:00:00"/>
  <destination>
    <reference value="59_2-12"/>
    <display value="ANY PHARMACY (SOME MED)"/>
  </destination>
  <note value="[object Object]"/>
  <dosageInstruction>
    <text value="T1 TB PO BID #60 RF3"/>
    <additionalInstructions>
      <coding>
        <system value="cmumps"/>
        <version value="0.0.1"/>
        <code value="cmumps"/>
        <display value="TAKE ONE TABLET BY MOUTH~TWICE A DAY  ~"/>
        <userSelected value="false"/>
      </coding>
      <text value="TAKE ONE TABLET BY MOUTH~TWICE A DAY  ~"/>
    </additionalInstructions>
    <timing>
      <event value="1990-01-01T00:00:00"/>
      <repeat>
        <frequency value="2"/>
        <period value="1"/>
      </repeat>
      <code>
        <coding>
          <system value="cmumps"/>
          <version value="0.0.1"/>
          <code value="cmumps"/>
          <display value="T1 TB PO BID #60 RF3"/>
          <userSelected value="false"/>
        </coding>
        <text value="T1 TB PO BID #60 RF3"/>
      </code>
    </timing>
    <asNeededBoolean value="false"/>
  </dosageInstruction>
</MedicationDispense>



<?xml version='1.0' encoding='UTF-8'?>
<MedicationDispense xmlns="http://hl7.org/fhir">
  <id value="urn:local:fhir:MedicationDispense:52-7810414"/>
  <identifier>
    <use value="usual"/>
    <type>
      <coding>
        <system value="cmumps"/>
        <version value="0.0.1"/>
        <code value="cmumps"/>
        <display value="Prescription"/>
        <userSelected value="false"/>
      </coding>
      <text value="Prescription"/>
    </type>
    <system value="cmumps"/>
    <value value="52-7810414"/>
  </identifier>
  <status value="completed"/>
  <patient>
    <reference value="Patient/2-000007"/>
    <display value="BUNNY, BUGS"/>
  </patient>
  <dispenser>
    <reference value="6-11111"/>
    <display value="DUCK,DONALD"/>
  </dispenser>
  <authorizingPrescription>
    <reference value="101-16145151"/>
    <display value="090420-03672"/>
  </authorizingPrescription>
  <quantity>
    <value value="169"/>
    <unit value="unsupplied"/>
    <system value="cmumps"/>
    <code value="cmumps"/>
  </quantity>
  <daysSupply>
    <value value="84"/>
    <unit value="unsupplied"/>
    <system value="cmumps"/>
    <code value="cmumps"/>
  </daysSupply>
  <medicationCodeableConcept>
    <coding>
      <system value="cmumps"/>
      <version value="0.0.1"/>
      <code value="cmumps"/>
      <display value="RECLIPSEN TAB 28-DAY (DESOGEN EQ)"/>
      <userSelected value="false"/>
    </coding>
    <text value="RECLIPSEN TAB 28-DAY (DESOGEN EQ)"/>
  </medicationCodeableConcept>
  <whenPrepared value="1990-01-01T00:00:00"/>
  <whenHandedOver value="1990-01-01T00:00:00"/>
  <destination>
    <reference value="59_2-12"/>
    <display value="ANY PHARMACY (SOME MED)"/>
  </destination>
  <note value="[object Object]"/>
  <dosageInstruction>
    <text value="T1 TAB PO QD #169 RF0"/>
    <additionalInstructions>
      <coding>
        <system value="cmumps"/>
        <version value="0.0.1"/>
        <code value="cmumps"/>
        <display value="TAKE ONE TABLET BY MOUTH~EVERY DAY  ~"/>
        <userSelected value="false"/>
      </coding>
      <text value="TAKE ONE TABLET BY MOUTH~EVERY DAY  ~"/>
    </additionalInstructions>
    <timing>
      <event value="1990-01-01T00:00:00"/>
      <code>
        <coding>
          <system value="cmumps"/>
          <version value="0.0.1"/>
          <code value="cmumps"/>
          <display value="T1 TAB PO QD #169 RF0"/>
          <userSelected value="false"/>
        </coding>
        <text value="T1 TAB PO QD #169 RF0"/>
      </code>
    </timing>
    <asNeededBoolean value="false"/>
  </dosageInstruction>
</MedicationDispense>



<?xml version='1.0' encoding='UTF-8'?>
<MedicationDispense xmlns="http://hl7.org/fhir">
  <id value="urn:local:fhir:MedicationDispense:52-40863"/>
  <identifier>
    <use value="usual"/>
    <type>
      <coding>
        <system value="cmumps"/>
        <version value="0.0.1"/>
        <code value="cmumps"/>
        <display value="Prescription"/>
        <userSelected value="false"/>
      </coding>
      <text value="Prescription"/>
    </type>
    <system value="cmumps"/>
    <value value="52-40863"/>
  </identifier>
  <status value="completed"/>
  <patient>
    <reference value="Patient/2-000007"/>
    <display value="BUNNY,BUGS"/>
  </patient>
  <dispenser>
    <reference value="6-111111"/>
    <display value="DUCK,DONALD"/>
  </dispenser>
  <authorizingPrescription>
    <reference value="101-227995"/>
    <display value="941103-00522"/>
  </authorizingPrescription>
  <quantity>
    <value value="120"/>
    <unit value="unsupplied"/>
    <system value="cmumps"/>
    <code value="cmumps"/>
  </quantity>
  <daysSupply>
    <value value="120"/>
    <unit value="unsupplied"/>
    <system value="cmumps"/>
    <code value="cmumps"/>
  </daysSupply>
  <medicationCodeableConcept>
    <coding>
      <system value="cmumps"/>
      <version value="0.0.1"/>
      <code value="cmumps"/>
      <display value="PAINKILLER 400MG TAB"/>
      <userSelected value="false"/>
    </coding>
    <text value="PAINKILLER 400MG TAB"/>
  </medicationCodeableConcept>
  <whenPrepared value="1990-01-01T00:00:00"/>
  <whenHandedOver value="1990-01-01T00:00:00"/>
  <destination>
    <reference value="59_2-1"/>
    <display value="MAIN PHARMACY"/>
  </destination>
  <note value="[object Object]"/>
  <dosageInstruction>
    <text value="T1 TAB Q1D #120 RF0"/>
    <timing>
      <event value="1990-01-01T00:00:00"/>
      <repeat>
        <frequency value="1"/>
        <period value="1"/>
      </repeat>
      <code>
        <coding>
          <system value="cmumps"/>
          <version value="0.0.1"/>
          <code value="cmumps"/>
          <display value="T1 TAB Q1D #120 RF0"/>
          <userSelected value="false"/>
        </coding>
        <text value="T1 TAB Q1D #120 RF0"/>
      </code>
    </timing>
    <asNeededBoolean value="false"/>
  </dosageInstruction>
</MedicationDispense>



<?xml version='1.0' encoding='UTF-8'?>
<MedicationDispense xmlns="http://hl7.org/fhir">
  <id value="urn:local:fhir:MedicationDispense:52-7810413"/>
  <identifier>
    <use value="usual"/>
    <type>
      <coding>
        <system value="cmumps"/>
        <version value="0.0.1"/>
        <code value="cmumps"/>
        <display value="Prescription"/>
        <userSelected value="false"/>
      </coding>
      <text value="Prescription"/>
    </type>
    <system value="cmumps"/>
    <value value="52-7810413"/>
  </identifier>
  <status value="completed"/>
  <patient>
    <reference value="Patient/2-000007"/>
    <display value="BUNNY,BUGS"/>
  </patient>
  <dispenser>
    <reference value="6-11111"/>
    <display value="DUCK,DONALD"/>
  </dispenser>
  <authorizingPrescription>
    <reference value="101-16145150"/>
    <display value="090420-03671"/>
  </authorizingPrescription>
  <quantity>
    <value value="60"/>
    <unit value="unsupplied"/>
    <system value="cmumps"/>
    <code value="cmumps"/>
  </quantity>
  <daysSupply>
    <value value="30"/>
    <unit value="unsupplied"/>
    <system value="cmumps"/>
    <code value="cmumps"/>
  </daysSupply>
  <medicationCodeableConcept>
    <coding>
      <system value="cmumps"/>
      <version value="0.0.1"/>
      <code value="cmumps"/>
      <display value="OYS SHL CALCIUM 500MG + VIT D 200IU"/>
      <userSelected value="false"/>
    </coding>
    <text value="OYS SHL CALCIUM 500MG + VIT D 200IU"/>
  </medicationCodeableConcept>
  <whenPrepared value="1990-01-01T00:00:00"/>
  <whenHandedOver value="1990-01-01T00:00:00"/>
  <destination>
    <reference value="59_2-12"/>
    <display value="ANY PHARMACY (SOME MED)"/>
  </destination>
  <note value="[object Object]"/>
  <dosageInstruction>
    <text value="T1 TB PO BID #60 RF3"/>
    <additionalInstructions>
      <coding>
        <system value="cmumps"/>
        <version value="0.0.1"/>
        <code value="cmumps"/>
        <display value="TAKE ONE TABLET BY MOUTH~TWICE A DAY  ~"/>
        <userSelected value="false"/>
      </coding>
      <text value="TAKE ONE TABLET BY MOUTH~TWICE A DAY  ~"/>
    </additionalInstructions>
    <timing>
      <event value="1990-01-01T00:00:00"/>
      <repeat>
        <frequency value="2"/>
        <period value="1"/>
      </repeat>
      <code>
        <coding>
          <system value="cmumps"/>
          <version value="0.0.1"/>
          <code value="cmumps"/>
          <display value="T1 TB PO BID #60 RF3"/>
          <userSelected value="false"/>
        </coding>
        <text value="T1 TB PO BID #60 RF3"/>
      </code>
    </timing>
    <asNeededBoolean value="false"/>
  </dosageInstruction>
</MedicationDispense>



<?xml version='1.0' encoding='UTF-8'?>
<MedicationDispense xmlns="http://hl7.org/fhir">
  <id value="urn:local:fhir:MedicationDispense:52-7810414"/>
  <identifier>
    <use value="usual"/>
    <type>
      <coding>
        <system value="cmumps"/>
        <version value="0.0.1"/>
        <code value="cmumps"/>
        <display value="Prescription"/>
        <userSelected value="false"/>
      </coding>
      <text value="Prescription"/>
    </type>
    <system value="cmumps"/>
    <value value="52-7810414"/>
  </identifier>
  <status value="completed"/>
  <patient>
    <reference value="Patient/2-000007"/>
    <display value="BUNNY, BUGS"/>
  </patient>
  <dispenser>
    <reference value="6-11111"/>
    <display value="DUCK,DONALD"/>
  </dispenser>
  <authorizingPrescription>
    <reference value="101-16145151"/>
    <display value="090420-03672"/>
  </authorizingPrescription>
  <quantity>
    <value value="169"/>
    <unit value="unsupplied"/>
    <system value="cmumps"/>
    <code value="cmumps"/>
  </quantity>
  <daysSupply>
    <value value="84"/>
    <unit value="unsupplied"/>
    <system value="cmumps"/>
    <code value="cmumps"/>
  </daysSupply>
  <medicationCodeableConcept>
    <coding>
      <system value="cmumps"/>
      <version value="0.0.1"/>
      <code value="cmumps"/>
      <display value="RECLIPSEN TAB 28-DAY (DESOGEN EQ)"/>
      <userSelected value="false"/>
    </coding>
    <text value="RECLIPSEN TAB 28-DAY (DESOGEN EQ)"/>
  </medicationCodeableConcept>
  <whenPrepared value="1990-01-01T00:00:00"/>
  <whenHandedOver value="1990-01-01T00:00:00"/>
  <destination>
    <reference value="59_2-12"/>
    <display value="ANY PHARMACY (SOME MED)"/>
  </destination>
  <note value="[object Object]"/>
  <dosageInstruction>
    <text value="T1 TAB PO QD #169 RF0"/>
    <additionalInstructions>
      <coding>
        <system value="cmumps"/>
        <version value="0.0.1"/>
        <code value="cmumps"/>
        <display value="TAKE ONE TABLET BY MOUTH~EVERY DAY  ~"/>
        <userSelected value="false"/>
      </coding>
      <text value="TAKE ONE TABLET BY MOUTH~EVERY DAY  ~"/>
    </additionalInstructions>
    <timing>
      <event value="1990-01-01T00:00:00"/>
      <code>
        <coding>
          <system value="cmumps"/>
          <version value="0.0.1"/>
          <code value="cmumps"/>
          <display value="T1 TAB PO QD #169 RF0"/>
          <userSelected value="false"/>
        </coding>
        <text value="T1 TAB PO QD #169 RF0"/>
      </code>
    </timing>
    <asNeededBoolean value="false"/>
  </dosageInstruction>
</MedicationDispense>



