{
  "resourceType": "Patient",
  "id": "urn:local:fhir:Patient:2-000007",
  "identifier": [
    {
      "use": "usual",
      "type": {
        "coding": [
          {
            "code": "chcss",
            "display": "chcss"
          }
        ],
        "text": "777777777"
      },
      "value": "777777777"
    }
  ],
  "name": {
    "use": "usual",
    "family": [
      "BUNNY"
    ],
    "given": [
      "BUGS DOC"
    ]
  },
  "gender": "male",
  "birthDate": "01-01-1990",
  "address": [
    {
      "resourceType": "Address",
      "type": "postal",
      "line": [
        "100 MAIN ST"
      ],
      "city": "ANYTOWN"
    }
  ],
  "maritalStatus": {
    "coding": [
      {
        "system": "http://hl7.org/fhir/marital-status",
        "code": "D",
        "display": "D"
      }
    ],
    "text": "D"
  }
}


