<?xml version='1.0' encoding='UTF-8'?>
<Procedure xmlns="http://hl7.org/fhir">
  <id value="urn:local:fhir:Procedure:Procedure-1074046"/>
  <identifier>
    <use value="usual"/>
    <type>
      <coding>
        <code value="chcss"/>
        <display value="chcss"/>
      </coding>
      <text value="1074046"/>
    </type>
    <value value="Procedure/1074046"/>
  </identifier>
  <subject>
    <reference value="Patient/2-000007"/>
    <display value="BUNNY, BUGS"/>
  </subject>
  <status value="completed"/>
  <category>
    <coding>
      <system value="chcs"/>
      <version value="0.0.1"/>
      <code value="chcs"/>
      <display value="HDDConcept-1450368"/>
      <userSelected value="false"/>
    </coding>
    <text value="HDDConcept-1450368"/>
  </category>
  <code>
    <coding>
      <system value="chcs"/>
      <version value="0.0.1"/>
      <code value="chcs"/>
      <display value="HDDConcept-1450368"/>
      <userSelected value="false"/>
    </coding>
    <text value="HDDConcept-1450368"/>
  </code>
  <performedDateTime value="1990-01-01T00:00:00"/>
  <encounter>
    <display value="Encounter Procedure"/>
  </encounter>
</Procedure>



