<?xml version='1.0' encoding='UTF-8'?>
<DiagnosticReport xmlns="http://hl7.org/fhir">
  <id value="urn:local:fhir:DiagnosticReport:100417-4559064"/>
  <identifier>
  </identifier>
  <status value="final"/>
  <category>
  </category>
  <code>
    <coding>
      <system value="cmumps"/>
      <version value="0.0.1"/>
      <code value="cmumps"/>
      <display value="V70.5 H"/>
      <userSelected value="false"/>
    </coding>
    <text value="V70.5 H"/>
  </code>
  <subject>
    <reference value="Patient/2-000007"/>
    <display value="BUNNY,BUGS"/>
  </subject>
  <conclusion value="V70.5 H"/>
  <codedDiagnosis>
    <coding>
      <system value="cmumps"/>
      <version value="0.0.1"/>
      <code value="cmumps"/>
      <display value="V70.5 H"/>
      <userSelected value="false"/>
    </coding>
    <text value="V70.5 H"/>
  </codedDiagnosis>
  <presentedForm>
  </presentedForm>
</DiagnosticReport>



<?xml version='1.0' encoding='UTF-8'?>
<DiagnosticReport xmlns="http://hl7.org/fhir">
  <id value="urn:local:fhir:DiagnosticReport:100417-4562039"/>
  <identifier>
  </identifier>
  <status value="final"/>
  <category>
  </category>
  <code>
    <coding>
      <system value="cmumps"/>
      <version value="0.0.1"/>
      <code value="cmumps"/>
      <display value="V72.12"/>
      <userSelected value="false"/>
    </coding>
    <text value="V72.12"/>
  </code>
  <subject>
    <reference value="Patient/2-000007"/>
    <display value="BUNNY,BUGS"/>
  </subject>
  <conclusion value="V72.12"/>
  <codedDiagnosis>
    <coding>
      <system value="cmumps"/>
      <version value="0.0.1"/>
      <code value="cmumps"/>
      <display value="V72.12"/>
      <userSelected value="false"/>
    </coding>
    <text value="V72.12"/>
  </codedDiagnosis>
  <presentedForm>
  </presentedForm>
</DiagnosticReport>



<?xml version='1.0' encoding='UTF-8'?>
<DiagnosticReport xmlns="http://hl7.org/fhir">
  <id value="urn:local:fhir:DiagnosticReport:100417-4568875"/>
  <identifier>
  </identifier>
  <status value="final"/>
  <category>
  </category>
  <code>
    <coding>
      <system value="cmumps"/>
      <version value="0.0.1"/>
      <code value="cmumps"/>
      <display value="V70.5 2"/>
      <userSelected value="false"/>
    </coding>
    <text value="V70.5 2"/>
  </code>
  <subject>
    <reference value="Patient/2-000007"/>
    <display value="BUNNY,BUGS"/>
  </subject>
  <conclusion value="V70.5 2"/>
  <codedDiagnosis>
    <coding>
      <system value="cmumps"/>
      <version value="0.0.1"/>
      <code value="cmumps"/>
      <display value="V70.5 2"/>
      <userSelected value="false"/>
    </coding>
    <text value="V70.5 2"/>
  </codedDiagnosis>
  <presentedForm>
  </presentedForm>
</DiagnosticReport>



