{
  "resourceType": "MedicationDispense",
  "id": "urn:local:fhir:MedicationDispense:52-40863",
  "identifier": {
    "use": "usual",
    "type": {
      "coding": [
        {
          "system": "cmumps",
          "version": "0.0.1",
          "code": "cmumps",
          "display": "Prescription",
          "userSelected": false
        }
      ],
      "text": "Prescription"
    },
    "system": "cmumps",
    "value": "52-40863"
  },
  "status": "completed",
  "medicationCodeableConcept": {
    "coding": [
      {
        "system": "cmumps",
        "version": "0.0.1",
        "code": "cmumps",
        "display": "PAINKILLER 400MG TAB",
        "userSelected": false
      }
    ],
    "text": "PAINKILLER 400MG TAB"
  },
  "medicationReference": {
    "reference": "50-260",
    "display": "PAINKILLER 400MG TAB"
  },
  "patient": {
    "reference": "Patient/2-000007",
    "display": "BUNNY,BUGS"
  },
  "dispenser": {
    "reference": "6-111111",
    "display": "DUCK,DONALD"
  },
  "authorizingPrescription": [
    {
      "reference": "101-227995",
      "display": "941103-00522"
    }
  ],
  "quantity": {
    "value": 120,
    "unit": "unsupplied",
    "system": "cmumps",
    "code": "cmumps"
  },
  "daysSupply": {
    "value": 120,
    "unit": "unsupplied",
    "system": "cmumps",
    "code": "cmumps"
  },
  "whenPrepared": "1990-01-01T00:00:00Z",
  "whenHandedOver": "1990-01-01T00:00:00Z",
  "destination": {
    "reference": "59_2-1",
    "display": "MAIN PHARMACY"
  },
  "note": [
    {
      "text": "NONE"
    }
  ],
  "dosageInstruction": [
    {
      "text": "T1 TAB Q1D #120 RF0",
      "timing": {
        "resourceType": "Timing",
        "event": [
          "1990-01-01T00:00:00Z"
        ],
        "repeat": {
          "frequency": 1,
          "period": 1,
          "periodUnit": "d"
        },
        "code": {
          "coding": [
            {
              "system": "cmumps",
              "version": "0.0.1",
              "code": "cmumps",
              "display": "T1 TAB Q1D #120 RF0",
              "userSelected": false
            }
          ],
          "text": "T1 TAB Q1D #120 RF0"
        }
      },
      "asNeededBoolean": false
    }
  ]
}


{
  "resourceType": "MedicationDispense",
  "id": "urn:local:fhir:MedicationDispense:52-7810413",
  "identifier": {
    "use": "usual",
    "type": {
      "coding": [
        {
          "system": "cmumps",
          "version": "0.0.1",
          "code": "cmumps",
          "display": "Prescription",
          "userSelected": false
        }
      ],
      "text": "Prescription"
    },
    "system": "cmumps",
    "value": "52-7810413"
  },
  "status": "completed",
  "medicationCodeableConcept": {
    "coding": [
      {
        "system": "cmumps",
        "version": "0.0.1",
        "code": "cmumps",
        "display": "OYS SHL CALCIUM 500MG + VIT D 200IU",
        "userSelected": false
      }
    ],
    "text": "OYS SHL CALCIUM 500MG + VIT D 200IU"
  },
  "medicationReference": {
    "reference": "50-234072",
    "display": "OYS SHL CALCIUM 500MG + VIT D 200IU"
  },
  "patient": {
    "reference": "Patient/2-000007",
    "display": "BUNNY,BUGS"
  },
  "dispenser": {
    "reference": "6-11111",
    "display": "DUCK,DONALD"
  },
  "authorizingPrescription": [
    {
      "reference": "101-16145150",
      "display": "090420-03671"
    }
  ],
  "quantity": {
    "value": 60,
    "unit": "unsupplied",
    "system": "cmumps",
    "code": "cmumps"
  },
  "daysSupply": {
    "value": 30,
    "unit": "unsupplied",
    "system": "cmumps",
    "code": "cmumps"
  },
  "whenPrepared": "1990-01-01T00:00:00",
  "whenHandedOver": "1990-01-01T00:00:00",
  "destination": {
    "reference": "59_2-12",
    "display": "ANY PHARMACY (SOME MED)"
  },
  "note": [
    {
      "text": "215/14"
    }
  ],
  "dosageInstruction": [
    {
      "text": "T1 TB PO BID #60 RF3",
      "additionalInstructions": {
        "coding": [
          {
            "system": "cmumps",
            "version": "0.0.1",
            "code": "cmumps",
            "display": "TAKE ONE TABLET BY MOUTH~TWICE A DAY  ~",
            "userSelected": false
          }
        ],
        "text": "TAKE ONE TABLET BY MOUTH~TWICE A DAY  ~"
      },
      "timing": {
        "resourceType": "Timing",
        "event": [
          "1990-01-01T00:00:00"
        ],
        "repeat": {
          "frequency": 2,
          "period": 1,
          "periodUnit": "d"
        },
        "code": {
          "coding": [
            {
              "system": "cmumps",
              "version": "0.0.1",
              "code": "cmumps",
              "display": "T1 TB PO BID #60 RF3",
              "userSelected": false
            }
          ],
          "text": "T1 TB PO BID #60 RF3"
        }
      },
      "asNeededBoolean": false
    }
  ]
}


{
  "resourceType": "MedicationDispense",
  "id": "urn:local:fhir:MedicationDispense:52-7810414",
  "identifier": {
    "use": "usual",
    "type": {
      "coding": [
        {
          "system": "cmumps",
          "version": "0.0.1",
          "code": "cmumps",
          "display": "Prescription",
          "userSelected": false
        }
      ],
      "text": "Prescription"
    },
    "system": "cmumps",
    "value": "52-7810414"
  },
  "status": "completed",
  "medicationCodeableConcept": {
    "coding": [
      {
        "system": "cmumps",
        "version": "0.0.1",
        "code": "cmumps",
        "display": "RECLIPSEN TAB 28-DAY (DESOGEN EQ)",
        "userSelected": false
      }
    ],
    "text": "RECLIPSEN TAB 28-DAY (DESOGEN EQ)"
  },
  "medicationReference": {
    "reference": "50-3621",
    "display": "RECLIPSEN TAB 28-DAY (DESOGEN EQ)"
  },
  "patient": {
    "reference": "Patient/2-000007",
    "display": "BUNNY, BUGS"
  },
  "dispenser": {
    "reference": "6-11111",
    "display": "DUCK,DONALD"
  },
  "authorizingPrescription": [
    {
      "reference": "101-16145151",
      "display": "090420-03672"
    }
  ],
  "quantity": {
    "value": 169,
    "unit": "unsupplied",
    "system": "cmumps",
    "code": "cmumps"
  },
  "daysSupply": {
    "value": 84,
    "unit": "unsupplied",
    "system": "cmumps",
    "code": "cmumps"
  },
  "whenPrepared": "1990-01-01T00:00:00",
  "whenHandedOver": "1990-01-01T00:00:00",
  "destination": {
    "reference": "59_2-12",
    "display": "ANY PHARMACY (SOME MED)"
  },
  "note": [
    {
      "text": "215/14"
    }
  ],
  "dosageInstruction": [
    {
      "text": "T1 TAB PO QD #169 RF0",
      "additionalInstructions": {
        "coding": [
          {
            "system": "cmumps",
            "version": "0.0.1",
            "code": "cmumps",
            "display": "TAKE ONE TABLET BY MOUTH~EVERY DAY  ~",
            "userSelected": false
          }
        ],
        "text": "TAKE ONE TABLET BY MOUTH~EVERY DAY  ~"
      },
      "timing": {
        "resourceType": "Timing",
        "event": [
          "1990-01-01T00:00:00"
        ],
        "code": {
          "coding": [
            {
              "system": "cmumps",
              "version": "0.0.1",
              "code": "cmumps",
              "display": "T1 TAB PO QD #169 RF0",
              "userSelected": false
            }
          ],
          "text": "T1 TAB PO QD #169 RF0"
        }
      },
      "asNeededBoolean": false
    }
  ]
}


{
  "resourceType": "MedicationDispense",
  "id": "urn:local:fhir:MedicationDispense:52-40863",
  "identifier": {
    "use": "usual",
    "type": {
      "coding": [
        {
          "system": "cmumps",
          "version": "0.0.1",
          "code": "cmumps",
          "display": "Prescription",
          "userSelected": false
        }
      ],
      "text": "Prescription"
    },
    "system": "cmumps",
    "value": "52-40863"
  },
  "status": "completed",
  "medicationCodeableConcept": {
    "coding": [
      {
        "system": "cmumps",
        "version": "0.0.1",
        "code": "cmumps",
        "display": "PAINKILLER 400MG TAB",
        "userSelected": false
      }
    ],
    "text": "PAINKILLER 400MG TAB"
  },
  "medicationReference": {
    "reference": "50-260",
    "display": "PAINKILLER 400MG TAB"
  },
  "patient": {
    "reference": "Patient/2-000007",
    "display": "BUNNY,BUGS"
  },
  "dispenser": {
    "reference": "6-111111",
    "display": "DUCK,DONALD"
  },
  "authorizingPrescription": [
    {
      "reference": "101-227995",
      "display": "941103-00522"
    }
  ],
  "quantity": {
    "value": 120,
    "unit": "unsupplied",
    "system": "cmumps",
    "code": "cmumps"
  },
  "daysSupply": {
    "value": 120,
    "unit": "unsupplied",
    "system": "cmumps",
    "code": "cmumps"
  },
  "whenPrepared": "1990-01-01T00:00:00",
  "whenHandedOver": "1990-01-01T00:00:00",
  "destination": {
    "reference": "59_2-1",
    "display": "MAIN PHARMACY"
  },
  "note": [
    {
      "text": "NONE"
    }
  ],
  "dosageInstruction": [
    {
      "text": "T1 TAB Q1D #120 RF0",
      "timing": {
        "resourceType": "Timing",
        "event": [
          "1990-01-01T00:00:00"
        ],
        "repeat": {
          "frequency": 1,
          "period": 1,
          "periodUnit": "d"
        },
        "code": {
          "coding": [
            {
              "system": "cmumps",
              "version": "0.0.1",
              "code": "cmumps",
              "display": "T1 TAB Q1D #120 RF0",
              "userSelected": false
            }
          ],
          "text": "T1 TAB Q1D #120 RF0"
        }
      },
      "asNeededBoolean": false
    }
  ]
}


{
  "resourceType": "MedicationDispense",
  "id": "urn:local:fhir:MedicationDispense:52-7810413",
  "identifier": {
    "use": "usual",
    "type": {
      "coding": [
        {
          "system": "cmumps",
          "version": "0.0.1",
          "code": "cmumps",
          "display": "Prescription",
          "userSelected": false
        }
      ],
      "text": "Prescription"
    },
    "system": "cmumps",
    "value": "52-7810413"
  },
  "status": "completed",
  "medicationCodeableConcept": {
    "coding": [
      {
        "system": "cmumps",
        "version": "0.0.1",
        "code": "cmumps",
        "display": "OYS SHL CALCIUM 500MG + VIT D 200IU",
        "userSelected": false
      }
    ],
    "text": "OYS SHL CALCIUM 500MG + VIT D 200IU"
  },
  "medicationReference": {
    "reference": "50-234072",
    "display": "OYS SHL CALCIUM 500MG + VIT D 200IU"
  },
  "patient": {
    "reference": "Patient/2-000007",
    "display": "BUNNY,BUGS"
  },
  "dispenser": {
    "reference": "6-11111",
    "display": "DUCK,DONALD"
  },
  "authorizingPrescription": [
    {
      "reference": "101-16145150",
      "display": "090420-03671"
    }
  ],
  "quantity": {
    "value": 60,
    "unit": "unsupplied",
    "system": "cmumps",
    "code": "cmumps"
  },
  "daysSupply": {
    "value": 30,
    "unit": "unsupplied",
    "system": "cmumps",
    "code": "cmumps"
  },
  "whenPrepared": "1990-01-01T00:00:00",
  "whenHandedOver": "1990-01-01T00:00:00",
  "destination": {
    "reference": "59_2-12",
    "display": "ANY PHARMACY (SOME MED)"
  },
  "note": [
    {
      "text": "215/14"
    }
  ],
  "dosageInstruction": [
    {
      "text": "T1 TB PO BID #60 RF3",
      "additionalInstructions": {
        "coding": [
          {
            "system": "cmumps",
            "version": "0.0.1",
            "code": "cmumps",
            "display": "TAKE ONE TABLET BY MOUTH~TWICE A DAY  ~",
            "userSelected": false
          }
        ],
        "text": "TAKE ONE TABLET BY MOUTH~TWICE A DAY  ~"
      },
      "timing": {
        "resourceType": "Timing",
        "event": [
          "1990-01-01T00:00:00"
        ],
        "repeat": {
          "frequency": 2,
          "period": 1,
          "periodUnit": "d"
        },
        "code": {
          "coding": [
            {
              "system": "cmumps",
              "version": "0.0.1",
              "code": "cmumps",
              "display": "T1 TB PO BID #60 RF3",
              "userSelected": false
            }
          ],
          "text": "T1 TB PO BID #60 RF3"
        }
      },
      "asNeededBoolean": false
    }
  ]
}


{
  "resourceType": "MedicationDispense",
  "id": "urn:local:fhir:MedicationDispense:52-7810414",
  "identifier": {
    "use": "usual",
    "type": {
      "coding": [
        {
          "system": "cmumps",
          "version": "0.0.1",
          "code": "cmumps",
          "display": "Prescription",
          "userSelected": false
        }
      ],
      "text": "Prescription"
    },
    "system": "cmumps",
    "value": "52-7810414"
  },
  "status": "completed",
  "medicationCodeableConcept": {
    "coding": [
      {
        "system": "cmumps",
        "version": "0.0.1",
        "code": "cmumps",
        "display": "RECLIPSEN TAB 28-DAY (DESOGEN EQ)",
        "userSelected": false
      }
    ],
    "text": "RECLIPSEN TAB 28-DAY (DESOGEN EQ)"
  },
  "medicationReference": {
    "reference": "50-3621",
    "display": "RECLIPSEN TAB 28-DAY (DESOGEN EQ)"
  },
  "patient": {
    "reference": "Patient/2-000007",
    "display": "BUNNY, BUGS"
  },
  "dispenser": {
    "reference": "6-11111",
    "display": "DUCK,DONALD"
  },
  "authorizingPrescription": [
    {
      "reference": "101-16145151",
      "display": "090420-03672"
    }
  ],
  "quantity": {
    "value": 169,
    "unit": "unsupplied",
    "system": "cmumps",
    "code": "cmumps"
  },
  "daysSupply": {
    "value": 84,
    "unit": "unsupplied",
    "system": "cmumps",
    "code": "cmumps"
  },
  "whenPrepared": "1990-01-01T00:00:00",
  "whenHandedOver": "1990-01-01T00:00:00",
  "destination": {
    "reference": "59_2-12",
    "display": "ANY PHARMACY (SOME MED)"
  },
  "note": [
    {
      "text": "215/14"
    }
  ],
  "dosageInstruction": [
    {
      "text": "T1 TAB PO QD #169 RF0",
      "additionalInstructions": {
        "coding": [
          {
            "system": "cmumps",
            "version": "0.0.1",
            "code": "cmumps",
            "display": "TAKE ONE TABLET BY MOUTH~EVERY DAY  ~",
            "userSelected": false
          }
        ],
        "text": "TAKE ONE TABLET BY MOUTH~EVERY DAY  ~"
      },
      "timing": {
        "resourceType": "Timing",
        "event": [
          "1990-01-01T00:00:00"
        ],
        "code": {
          "coding": [
            {
              "system": "cmumps",
              "version": "0.0.1",
              "code": "cmumps",
              "display": "T1 TAB PO QD #169 RF0",
              "userSelected": false
            }
          ],
          "text": "T1 TAB PO QD #169 RF0"
        }
      },
      "asNeededBoolean": false
    }
  ]
}


